ERROR CODE 1
ERROR CODE 2
ERROR CODE 3
ERROR CODE 4
