1 37 WHILEwhile 
1 37 whileWHILE 
1 6 WHILE
5 37 while 
5 37 IFWHILE 
5 37 if 
5 5 IF
7 35 A02.0INT 
9 34 0 
9 34 0 
9 34 0 
9 34 0 
9 34 1 
11 31 <<
11 31 <<
11 28 <
12 32 >>
