2 38 ERROR
2 38 ERROR
4 38 ERROR
4 38 ERROR
4 38 ERROR
4 5 IF
4 38 ERROR
4 6 WHILE
4 38 ERROR
4 34 12345 
4 38 ERROR
4 34 0 
4 34 0 
4 38 ERROR
4 26 <>
6 38 ERROR
6 38 ERROR
6 10 INT
6 38 ERROR
6 34 1234 
6 36 x.11111111111111111112345REAL 
