2 1 VAR
2 37 VARASSIGN 
4 27 >
4 27 >
4 32 >>
4 31 <<
4 26 <>
4 14 -
4 13 +
4 18 =
4 19 :
4 20 ,
4 34 0 
4 34 2 
4 15 _
4 37 x1111 
6 35 XYZ.1INT 
6 22 [
6 34 101 
6 23 ]
6 24 (
6 37 ABCDx16 
6 33 .
6 37 x122INT 
6 25 )
8 37 STRING1234 
8 33 .
8 33 .
8 33 .
8 10 INT
10 9 PRINT
10 33 .
10 34 123 
10 33 .
10 34 456 
10 10 INT
12 37 hello 
12 33 .
12 34 11111111111111111111 
12 12 STRING
