2 34 111 
2 13 +
2 14 -
2 13 +
2 17 *
3 34 111 
3 33 .
3 33 .
3 33 .
3 34 111 
3 17 *
3 17 *
3 17 *
3 17 *
3 17 *
3 13 +
3 13 +
3 13 +
3 13 +
3 13 +
3 34 111 
3 33 .
3 37 abc 
4 34 111 
4 33 .
4 34 110 
4 34 0 
4 34 11 
6 34 111 
7 37 Z123 
7 33 .
7 34 12 
7 37 RE01 
8 12 STRING
8 33 .
8 34 0 
8 34 0 
8 10 INT
9 35 STRING.0INT 
