2 29 <=
2 31 <<
2 32 >>
2 28 <
2 10 INT
2 27 >
2 34 12 
2 33 .
2 34 345 
2 33 .
2 34 0 
2 34 0 
4 38 ERROR
4 38 ERROR
4 10 INT
6 34 122222 
6 33 .
6 34 3333 
6 10 INT
6 37 A000000000 
6 33 .
6 34 0 
6 34 0 
6 34 0 
6 34 0 
6 34 0 
6 10 INT
6 38 ERROR
6 38 ERROR
6 38 ERROR
6 38 ERROR
6 37 REALSTRING 
8 36 A0000000001.0REAL 
8 34 900 
10 34 80880 
10 35 Y.1INT 
10 10 INT
