2 38 ERROR
2 38 ERROR
2 38 ERROR
2 38 ERROR
2 38 ERROR
2 38 ERROR
4 24 (
4 35 j.1INT 
4 36 x.2REAL 
4 25 )
6 4 ASSIGN
6 33 .
6 34 1 
6 37 INt 
