3 36 WHILE.11REAL 
5 32 >>
5 32 >>
5 32 >>
5 27 >
7 34 0 
7 34 101010100 
7 10 INT
7 33 .
7 10 INT
7 33 .
7 11 REAL
7 33 .
7 35 IF.2INT 
9 31 <<
9 31 <<
9 31 <<
