2 37 x111abcdefg4444492359 
2 33 .
2 34 111111111111111111123452354235346456457091240234 
2 37 real 
