1 38 ERROR
1 38 ERROR
1 38 ERROR
1 38 ERROR
1 38 ERROR
3 37 A 
3 34 789 
3 33 .
3 34 1 
3 35 REALX23.1INT 
